[15:18:13] 🤖 Bot 啟動，開始接收訊息...
[15:18:13] 發送訊息到 8779713208
[15:20:12] 收到: [8779713208] 內容不對
[15:20:12] 發送訊息到 8779713208
[15:30:55] 收到: [8779713208] 接下來？
[15:30:55] 發送訊息到 8779713208
[15:31:05] 收到: [8779713208] /help
[15:31:05] 發送訊息到 8779713208
[15:35:29] 收到: [8779713208] 產品總監 重新執行一個新任務
[15:35:29] 發送訊息到 8779713208
[15:37:11] 收到: [8779713208] /stop
[15:37:11] 發送訊息到 8779713208
[15:38:52] 收到: [8779713208] /help
[15:38:52] 發送訊息到 8779713208
[15:40:03] 收到: [8779713208] OpenClaw reset
[15:40:03] 發送訊息到 8779713208
[15:40:13] 收到: [8779713208] Gateway reset
[15:40:13] 發送訊息到 8779713208
[16:29:01] 收到: [8779713208] /kill
[16:29:01] 發送訊息到 8779713208
